This file should be inside a folder called folder_with_actual not folder_with_{{name}}