This file should be called file_with_actual.txt not file_with_{{name}}.txt