There is no variable unknown={{ unknown }}, so this shouldn't change